ssh_cidr=66.108.102.239/32

=== 1. Apply isolated Hivemind POC infra ===
[0m[1mInitializing the backend...[0m
[0m[1mInitializing provider plugins...[0m
- Reusing previous version of hashicorp/aws from the dependency lock file
- Using previously-installed hashicorp/aws v5.100.0

[0m[1m[32mTerraform has been successfully initialized![0m[32m[0m
[0m[32m
You may now begin working with Terraform. Try running "terraform plan" to see
any changes that are required for your infrastructure. All Terraform commands
should now work.

If you ever set or change modules or backend configuration for Terraform,
rerun this command to reinitialize your working directory. If you forget, other
commands will detect it and remind you to do so if necessary.[0m

Terraform used the selected providers to generate the following execution
plan. Resource actions are indicated with the following symbols:
  [32m+[0m create[0m

Terraform will perform the following actions:

[1m  # aws_ecr_repository.workloads[0m will be created
[0m  [32m+[0m[0m resource "aws_ecr_repository" "workloads" {
      [32m+[0m[0m arn                  = (known after apply)
      [32m+[0m[0m force_delete         = true
      [32m+[0m[0m id                   = (known after apply)
      [32m+[0m[0m image_tag_mutability = "MUTABLE"
      [32m+[0m[0m name                 = "hivemind-poc"
      [32m+[0m[0m registry_id          = (known after apply)
      [32m+[0m[0m repository_url       = (known after apply)
      [32m+[0m[0m tags                 = {
          [32m+[0m[0m "Name" = "hivemind-poc-workloads"
        }
      [32m+[0m[0m tags_all             = {
          [32m+[0m[0m "Name" = "hivemind-poc-workloads"
        }

      [32m+[0m[0m image_scanning_configuration {
          [32m+[0m[0m scan_on_push = false
        }
    }

[1m  # aws_instance.replica[0][0m will be created
[0m  [32m+[0m[0m resource "aws_instance" "replica" {
      [32m+[0m[0m ami                                  = "ami-098e39bafa7e7303d"
      [32m+[0m[0m arn                                  = (known after apply)
      [32m+[0m[0m associate_public_ip_address          = (known after apply)
      [32m+[0m[0m availability_zone                    = (known after apply)
      [32m+[0m[0m cpu_core_count                       = (known after apply)
      [32m+[0m[0m cpu_threads_per_core                 = (known after apply)
      [32m+[0m[0m disable_api_stop                     = (known after apply)
      [32m+[0m[0m disable_api_termination              = (known after apply)
      [32m+[0m[0m ebs_optimized                        = (known after apply)
      [32m+[0m[0m enable_primary_ipv6                  = (known after apply)
      [32m+[0m[0m get_password_data                    = false
      [32m+[0m[0m host_id                              = (known after apply)
      [32m+[0m[0m host_resource_group_arn              = (known after apply)
      [32m+[0m[0m iam_instance_profile                 = (known after apply)
      [32m+[0m[0m id                                   = (known after apply)
      [32m+[0m[0m instance_initiated_shutdown_behavior = (known after apply)
      [32m+[0m[0m instance_lifecycle                   = (known after apply)
      [32m+[0m[0m instance_state                       = (known after apply)
      [32m+[0m[0m instance_type                        = "c5.xlarge"
      [32m+[0m[0m ipv6_address_count                   = (known after apply)
      [32m+[0m[0m ipv6_addresses                       = (known after apply)
      [32m+[0m[0m key_name                             = "hivemind-poc-deployer"
      [32m+[0m[0m monitoring                           = (known after apply)
      [32m+[0m[0m outpost_arn                          = (known after apply)
      [32m+[0m[0m password_data                        = (known after apply)
      [32m+[0m[0m placement_group                      = (known after apply)
      [32m+[0m[0m placement_partition_number           = (known after apply)
      [32m+[0m[0m primary_network_interface_id         = (known after apply)
      [32m+[0m[0m private_dns                          = (known after apply)
      [32m+[0m[0m private_ip                           = (known after apply)
      [32m+[0m[0m public_dns                           = (known after apply)
      [32m+[0m[0m public_ip                            = (known after apply)
      [32m+[0m[0m secondary_private_ips                = (known after apply)
      [32m+[0m[0m security_groups                      = (known after apply)
      [32m+[0m[0m source_dest_check                    = true
      [32m+[0m[0m spot_instance_request_id             = (known after apply)
      [32m+[0m[0m subnet_id                            = (known after apply)
      [32m+[0m[0m tags                                 = {
          [32m+[0m[0m "Name" = "hivemind-replica-0"
          [32m+[0m[0m "Role" = "replica"
        }
      [32m+[0m[0m tags_all                             = {
          [32m+[0m[0m "Name" = "hivemind-replica-0"
          [32m+[0m[0m "Role" = "replica"
        }
      [32m+[0m[0m tenancy                              = (known after apply)
      [32m+[0m[0m user_data                            = (sensitive value)
      [32m+[0m[0m user_data_base64                     = (known after apply)
      [32m+[0m[0m user_data_replace_on_change          = false
      [32m+[0m[0m vpc_security_group_ids               = (known after apply)

      [32m+[0m[0m capacity_reservation_specification (known after apply)

      [32m+[0m[0m cpu_options (known after apply)

      [32m+[0m[0m ebs_block_device (known after apply)

      [32m+[0m[0m enclave_options (known after apply)

      [32m+[0m[0m ephemeral_block_device (known after apply)

      [32m+[0m[0m instance_market_options (known after apply)

      [32m+[0m[0m maintenance_options (known after apply)

      [32m+[0m[0m metadata_options (known after apply)

      [32m+[0m[0m network_interface (known after apply)

      [32m+[0m[0m private_dns_name_options (known after apply)

      [32m+[0m[0m root_block_device {
          [32m+[0m[0m delete_on_termination = true
          [32m+[0m[0m device_name           = (known after apply)
          [32m+[0m[0m encrypted             = (known after apply)
          [32m+[0m[0m iops                  = (known after apply)
          [32m+[0m[0m kms_key_id            = (known after apply)
          [32m+[0m[0m tags_all              = (known after apply)
          [32m+[0m[0m throughput            = (known after apply)
          [32m+[0m[0m volume_id             = (known after apply)
          [32m+[0m[0m volume_size           = 50
          [32m+[0m[0m volume_type           = "gp3"
        }
    }

[1m  # aws_instance.replica[1][0m will be created
[0m  [32m+[0m[0m resource "aws_instance" "replica" {
      [32m+[0m[0m ami                                  = "ami-098e39bafa7e7303d"
      [32m+[0m[0m arn                                  = (known after apply)
      [32m+[0m[0m associate_public_ip_address          = (known after apply)
      [32m+[0m[0m availability_zone                    = (known after apply)
      [32m+[0m[0m cpu_core_count                       = (known after apply)
      [32m+[0m[0m cpu_threads_per_core                 = (known after apply)
      [32m+[0m[0m disable_api_stop                     = (known after apply)
      [32m+[0m[0m disable_api_termination              = (known after apply)
      [32m+[0m[0m ebs_optimized                        = (known after apply)
      [32m+[0m[0m enable_primary_ipv6                  = (known after apply)
      [32m+[0m[0m get_password_data                    = false
      [32m+[0m[0m host_id                              = (known after apply)
      [32m+[0m[0m host_resource_group_arn              = (known after apply)
      [32m+[0m[0m iam_instance_profile                 = (known after apply)
      [32m+[0m[0m id                                   = (known after apply)
      [32m+[0m[0m instance_initiated_shutdown_behavior = (known after apply)
      [32m+[0m[0m instance_lifecycle                   = (known after apply)
      [32m+[0m[0m instance_state                       = (known after apply)
      [32m+[0m[0m instance_type                        = "c5.xlarge"
      [32m+[0m[0m ipv6_address_count                   = (known after apply)
      [32m+[0m[0m ipv6_addresses                       = (known after apply)
      [32m+[0m[0m key_name                             = "hivemind-poc-deployer"
      [32m+[0m[0m monitoring                           = (known after apply)
      [32m+[0m[0m outpost_arn                          = (known after apply)
      [32m+[0m[0m password_data                        = (known after apply)
      [32m+[0m[0m placement_group                      = (known after apply)
      [32m+[0m[0m placement_partition_number           = (known after apply)
      [32m+[0m[0m primary_network_interface_id         = (known after apply)
      [32m+[0m[0m private_dns                          = (known after apply)
      [32m+[0m[0m private_ip                           = (known after apply)
      [32m+[0m[0m public_dns                           = (known after apply)
      [32m+[0m[0m public_ip                            = (known after apply)
      [32m+[0m[0m secondary_private_ips                = (known after apply)
      [32m+[0m[0m security_groups                      = (known after apply)
      [32m+[0m[0m source_dest_check                    = true
      [32m+[0m[0m spot_instance_request_id             = (known after apply)
      [32m+[0m[0m subnet_id                            = (known after apply)
      [32m+[0m[0m tags                                 = {
          [32m+[0m[0m "Name" = "hivemind-replica-1"
          [32m+[0m[0m "Role" = "replica"
        }
      [32m+[0m[0m tags_all                             = {
          [32m+[0m[0m "Name" = "hivemind-replica-1"
          [32m+[0m[0m "Role" = "replica"
        }
      [32m+[0m[0m tenancy                              = (known after apply)
      [32m+[0m[0m user_data                            = (sensitive value)
      [32m+[0m[0m user_data_base64                     = (known after apply)
      [32m+[0m[0m user_data_replace_on_change          = false
      [32m+[0m[0m vpc_security_group_ids               = (known after apply)

      [32m+[0m[0m capacity_reservation_specification (known after apply)

      [32m+[0m[0m cpu_options (known after apply)

      [32m+[0m[0m ebs_block_device (known after apply)

      [32m+[0m[0m enclave_options (known after apply)

      [32m+[0m[0m ephemeral_block_device (known after apply)

      [32m+[0m[0m instance_market_options (known after apply)

      [32m+[0m[0m maintenance_options (known after apply)

      [32m+[0m[0m metadata_options (known after apply)

      [32m+[0m[0m network_interface (known after apply)

      [32m+[0m[0m private_dns_name_options (known after apply)

      [32m+[0m[0m root_block_device {
          [32m+[0m[0m delete_on_termination = true
          [32m+[0m[0m device_name           = (known after apply)
          [32m+[0m[0m encrypted             = (known after apply)
          [32m+[0m[0m iops                  = (known after apply)
          [32m+[0m[0m kms_key_id            = (known after apply)
          [32m+[0m[0m tags_all              = (known after apply)
          [32m+[0m[0m throughput            = (known after apply)
          [32m+[0m[0m volume_id             = (known after apply)
          [32m+[0m[0m volume_size           = 50
          [32m+[0m[0m volume_type           = "gp3"
        }
    }

[1m  # aws_instance.replica[2][0m will be created
[0m  [32m+[0m[0m resource "aws_instance" "replica" {
      [32m+[0m[0m ami                                  = "ami-098e39bafa7e7303d"
      [32m+[0m[0m arn                                  = (known after apply)
      [32m+[0m[0m associate_public_ip_address          = (known after apply)
      [32m+[0m[0m availability_zone                    = (known after apply)
      [32m+[0m[0m cpu_core_count                       = (known after apply)
      [32m+[0m[0m cpu_threads_per_core                 = (known after apply)
      [32m+[0m[0m disable_api_stop                     = (known after apply)
      [32m+[0m[0m disable_api_termination              = (known after apply)
      [32m+[0m[0m ebs_optimized                        = (known after apply)
      [32m+[0m[0m enable_primary_ipv6                  = (known after apply)
      [32m+[0m[0m get_password_data                    = false
      [32m+[0m[0m host_id                              = (known after apply)
      [32m+[0m[0m host_resource_group_arn              = (known after apply)
      [32m+[0m[0m iam_instance_profile                 = (known after apply)
      [32m+[0m[0m id                                   = (known after apply)
      [32m+[0m[0m instance_initiated_shutdown_behavior = (known after apply)
      [32m+[0m[0m instance_lifecycle                   = (known after apply)
      [32m+[0m[0m instance_state                       = (known after apply)
      [32m+[0m[0m instance_type                        = "c5.xlarge"
      [32m+[0m[0m ipv6_address_count                   = (known after apply)
      [32m+[0m[0m ipv6_addresses                       = (known after apply)
      [32m+[0m[0m key_name                             = "hivemind-poc-deployer"
      [32m+[0m[0m monitoring                           = (known after apply)
      [32m+[0m[0m outpost_arn                          = (known after apply)
      [32m+[0m[0m password_data                        = (known after apply)
      [32m+[0m[0m placement_group                      = (known after apply)
      [32m+[0m[0m placement_partition_number           = (known after apply)
      [32m+[0m[0m primary_network_interface_id         = (known after apply)
      [32m+[0m[0m private_dns                          = (known after apply)
      [32m+[0m[0m private_ip                           = (known after apply)
      [32m+[0m[0m public_dns                           = (known after apply)
      [32m+[0m[0m public_ip                            = (known after apply)
      [32m+[0m[0m secondary_private_ips                = (known after apply)
      [32m+[0m[0m security_groups                      = (known after apply)
      [32m+[0m[0m source_dest_check                    = true
      [32m+[0m[0m spot_instance_request_id             = (known after apply)
      [32m+[0m[0m subnet_id                            = (known after apply)
      [32m+[0m[0m tags                                 = {
          [32m+[0m[0m "Name" = "hivemind-replica-2"
          [32m+[0m[0m "Role" = "replica"
        }
      [32m+[0m[0m tags_all                             = {
          [32m+[0m[0m "Name" = "hivemind-replica-2"
          [32m+[0m[0m "Role" = "replica"
        }
      [32m+[0m[0m tenancy                              = (known after apply)
      [32m+[0m[0m user_data                            = (sensitive value)
      [32m+[0m[0m user_data_base64                     = (known after apply)
      [32m+[0m[0m user_data_replace_on_change          = false
      [32m+[0m[0m vpc_security_group_ids               = (known after apply)

      [32m+[0m[0m capacity_reservation_specification (known after apply)

      [32m+[0m[0m cpu_options (known after apply)

      [32m+[0m[0m ebs_block_device (known after apply)

      [32m+[0m[0m enclave_options (known after apply)

      [32m+[0m[0m ephemeral_block_device (known after apply)

      [32m+[0m[0m instance_market_options (known after apply)

      [32m+[0m[0m maintenance_options (known after apply)

      [32m+[0m[0m metadata_options (known after apply)

      [32m+[0m[0m network_interface (known after apply)

      [32m+[0m[0m private_dns_name_options (known after apply)

      [32m+[0m[0m root_block_device {
          [32m+[0m[0m delete_on_termination = true
          [32m+[0m[0m device_name           = (known after apply)
          [32m+[0m[0m encrypted             = (known after apply)
          [32m+[0m[0m iops                  = (known after apply)
          [32m+[0m[0m kms_key_id            = (known after apply)
          [32m+[0m[0m tags_all              = (known after apply)
          [32m+[0m[0m throughput            = (known after apply)
          [32m+[0m[0m volume_id             = (known after apply)
          [32m+[0m[0m volume_size           = 50
          [32m+[0m[0m volume_type           = "gp3"
        }
    }

[1m  # aws_instance.replica[3][0m will be created
[0m  [32m+[0m[0m resource "aws_instance" "replica" {
      [32m+[0m[0m ami                                  = "ami-098e39bafa7e7303d"
      [32m+[0m[0m arn                                  = (known after apply)
      [32m+[0m[0m associate_public_ip_address          = (known after apply)
      [32m+[0m[0m availability_zone                    = (known after apply)
      [32m+[0m[0m cpu_core_count                       = (known after apply)
      [32m+[0m[0m cpu_threads_per_core                 = (known after apply)
      [32m+[0m[0m disable_api_stop                     = (known after apply)
      [32m+[0m[0m disable_api_termination              = (known after apply)
      [32m+[0m[0m ebs_optimized                        = (known after apply)
      [32m+[0m[0m enable_primary_ipv6                  = (known after apply)
      [32m+[0m[0m get_password_data                    = false
      [32m+[0m[0m host_id                              = (known after apply)
      [32m+[0m[0m host_resource_group_arn              = (known after apply)
      [32m+[0m[0m iam_instance_profile                 = (known after apply)
      [32m+[0m[0m id                                   = (known after apply)
      [32m+[0m[0m instance_initiated_shutdown_behavior = (known after apply)
      [32m+[0m[0m instance_lifecycle                   = (known after apply)
      [32m+[0m[0m instance_state                       = (known after apply)
      [32m+[0m[0m instance_type                        = "c5.xlarge"
      [32m+[0m[0m ipv6_address_count                   = (known after apply)
      [32m+[0m[0m ipv6_addresses                       = (known after apply)
      [32m+[0m[0m key_name                             = "hivemind-poc-deployer"
      [32m+[0m[0m monitoring                           = (known after apply)
      [32m+[0m[0m outpost_arn                          = (known after apply)
      [32m+[0m[0m password_data                        = (known after apply)
      [32m+[0m[0m placement_group                      = (known after apply)
      [32m+[0m[0m placement_partition_number           = (known after apply)
      [32m+[0m[0m primary_network_interface_id         = (known after apply)
      [32m+[0m[0m private_dns                          = (known after apply)
      [32m+[0m[0m private_ip                           = (known after apply)
      [32m+[0m[0m public_dns                           = (known after apply)
      [32m+[0m[0m public_ip                            = (known after apply)
      [32m+[0m[0m secondary_private_ips                = (known after apply)
      [32m+[0m[0m security_groups                      = (known after apply)
      [32m+[0m[0m source_dest_check                    = true
      [32m+[0m[0m spot_instance_request_id             = (known after apply)
      [32m+[0m[0m subnet_id                            = (known after apply)
      [32m+[0m[0m tags                                 = {
          [32m+[0m[0m "Name" = "hivemind-replica-3"
          [32m+[0m[0m "Role" = "replica"
        }
      [32m+[0m[0m tags_all                             = {
          [32m+[0m[0m "Name" = "hivemind-replica-3"
          [32m+[0m[0m "Role" = "replica"
        }
      [32m+[0m[0m tenancy                              = (known after apply)
      [32m+[0m[0m user_data                            = (sensitive value)
      [32m+[0m[0m user_data_base64                     = (known after apply)
      [32m+[0m[0m user_data_replace_on_change          = false
      [32m+[0m[0m vpc_security_group_ids               = (known after apply)

      [32m+[0m[0m capacity_reservation_specification (known after apply)

      [32m+[0m[0m cpu_options (known after apply)

      [32m+[0m[0m ebs_block_device (known after apply)

      [32m+[0m[0m enclave_options (known after apply)

      [32m+[0m[0m ephemeral_block_device (known after apply)

      [32m+[0m[0m instance_market_options (known after apply)

      [32m+[0m[0m maintenance_options (known after apply)

      [32m+[0m[0m metadata_options (known after apply)

      [32m+[0m[0m network_interface (known after apply)

      [32m+[0m[0m private_dns_name_options (known after apply)

      [32m+[0m[0m root_block_device {
          [32m+[0m[0m delete_on_termination = true
          [32m+[0m[0m device_name           = (known after apply)
          [32m+[0m[0m encrypted             = (known after apply)
          [32m+[0m[0m iops                  = (known after apply)
          [32m+[0m[0m kms_key_id            = (known after apply)
          [32m+[0m[0m tags_all              = (known after apply)
          [32m+[0m[0m throughput            = (known after apply)
          [32m+[0m[0m volume_id             = (known after apply)
          [32m+[0m[0m volume_size           = 50
          [32m+[0m[0m volume_type           = "gp3"
        }
    }

[1m  # aws_instance.replica[4][0m will be created
[0m  [32m+[0m[0m resource "aws_instance" "replica" {
      [32m+[0m[0m ami                                  = "ami-098e39bafa7e7303d"
      [32m+[0m[0m arn                                  = (known after apply)
      [32m+[0m[0m associate_public_ip_address          = (known after apply)
      [32m+[0m[0m availability_zone                    = (known after apply)
      [32m+[0m[0m cpu_core_count                       = (known after apply)
      [32m+[0m[0m cpu_threads_per_core                 = (known after apply)
      [32m+[0m[0m disable_api_stop                     = (known after apply)
      [32m+[0m[0m disable_api_termination              = (known after apply)
      [32m+[0m[0m ebs_optimized                        = (known after apply)
      [32m+[0m[0m enable_primary_ipv6                  = (known after apply)
      [32m+[0m[0m get_password_data                    = false
      [32m+[0m[0m host_id                              = (known after apply)
      [32m+[0m[0m host_resource_group_arn              = (known after apply)
      [32m+[0m[0m iam_instance_profile                 = (known after apply)
      [32m+[0m[0m id                                   = (known after apply)
      [32m+[0m[0m instance_initiated_shutdown_behavior = (known after apply)
      [32m+[0m[0m instance_lifecycle                   = (known after apply)
      [32m+[0m[0m instance_state                       = (known after apply)
      [32m+[0m[0m instance_type                        = "c5.xlarge"
      [32m+[0m[0m ipv6_address_count                   = (known after apply)
      [32m+[0m[0m ipv6_addresses                       = (known after apply)
      [32m+[0m[0m key_name                             = "hivemind-poc-deployer"
      [32m+[0m[0m monitoring                           = (known after apply)
      [32m+[0m[0m outpost_arn                          = (known after apply)
      [32m+[0m[0m password_data                        = (known after apply)
      [32m+[0m[0m placement_group                      = (known after apply)
      [32m+[0m[0m placement_partition_number           = (known after apply)
      [32m+[0m[0m primary_network_interface_id         = (known after apply)
      [32m+[0m[0m private_dns                          = (known after apply)
      [32m+[0m[0m private_ip                           = (known after apply)
      [32m+[0m[0m public_dns                           = (known after apply)
      [32m+[0m[0m public_ip                            = (known after apply)
      [32m+[0m[0m secondary_private_ips                = (known after apply)
      [32m+[0m[0m security_groups                      = (known after apply)
      [32m+[0m[0m source_dest_check                    = true
      [32m+[0m[0m spot_instance_request_id             = (known after apply)
      [32m+[0m[0m subnet_id                            = (known after apply)
      [32m+[0m[0m tags                                 = {
          [32m+[0m[0m "Name" = "hivemind-replica-4"
          [32m+[0m[0m "Role" = "replica"
        }
      [32m+[0m[0m tags_all                             = {
          [32m+[0m[0m "Name" = "hivemind-replica-4"
          [32m+[0m[0m "Role" = "replica"
        }
      [32m+[0m[0m tenancy                              = (known after apply)
      [32m+[0m[0m user_data                            = (sensitive value)
      [32m+[0m[0m user_data_base64                     = (known after apply)
      [32m+[0m[0m user_data_replace_on_change          = false
      [32m+[0m[0m vpc_security_group_ids               = (known after apply)

      [32m+[0m[0m capacity_reservation_specification (known after apply)

      [32m+[0m[0m cpu_options (known after apply)

      [32m+[0m[0m ebs_block_device (known after apply)

      [32m+[0m[0m enclave_options (known after apply)

      [32m+[0m[0m ephemeral_block_device (known after apply)

      [32m+[0m[0m instance_market_options (known after apply)

      [32m+[0m[0m maintenance_options (known after apply)

      [32m+[0m[0m metadata_options (known after apply)

      [32m+[0m[0m network_interface (known after apply)

      [32m+[0m[0m private_dns_name_options (known after apply)

      [32m+[0m[0m root_block_device {
          [32m+[0m[0m delete_on_termination = true
          [32m+[0m[0m device_name           = (known after apply)
          [32m+[0m[0m encrypted             = (known after apply)
          [32m+[0m[0m iops                  = (known after apply)
          [32m+[0m[0m kms_key_id            = (known after apply)
          [32m+[0m[0m tags_all              = (known after apply)
          [32m+[0m[0m throughput            = (known after apply)
          [32m+[0m[0m volume_id             = (known after apply)
          [32m+[0m[0m volume_size           = 50
          [32m+[0m[0m volume_type           = "gp3"
        }
    }

[1m  # aws_instance.worker_cpu[0m will be created
[0m  [32m+[0m[0m resource "aws_instance" "worker_cpu" {
      [32m+[0m[0m ami                                  = "ami-0714f823ff4e72d73"
      [32m+[0m[0m arn                                  = (known after apply)
      [32m+[0m[0m associate_public_ip_address          = (known after apply)
      [32m+[0m[0m availability_zone                    = (known after apply)
      [32m+[0m[0m cpu_core_count                       = (known after apply)
      [32m+[0m[0m cpu_threads_per_core                 = (known after apply)
      [32m+[0m[0m disable_api_stop                     = (known after apply)
      [32m+[0m[0m disable_api_termination              = (known after apply)
      [32m+[0m[0m ebs_optimized                        = (known after apply)
      [32m+[0m[0m enable_primary_ipv6                  = (known after apply)
      [32m+[0m[0m get_password_data                    = false
      [32m+[0m[0m host_id                              = (known after apply)
      [32m+[0m[0m host_resource_group_arn              = (known after apply)
      [32m+[0m[0m iam_instance_profile                 = (known after apply)
      [32m+[0m[0m id                                   = (known after apply)
      [32m+[0m[0m instance_initiated_shutdown_behavior = (known after apply)
      [32m+[0m[0m instance_lifecycle                   = (known after apply)
      [32m+[0m[0m instance_state                       = (known after apply)
      [32m+[0m[0m instance_type                        = "c5.xlarge"
      [32m+[0m[0m ipv6_address_count                   = (known after apply)
      [32m+[0m[0m ipv6_addresses                       = (known after apply)
      [32m+[0m[0m key_name                             = "hivemind-poc-deployer"
      [32m+[0m[0m monitoring                           = (known after apply)
      [32m+[0m[0m outpost_arn                          = (known after apply)
      [32m+[0m[0m password_data                        = (known after apply)
      [32m+[0m[0m placement_group                      = (known after apply)
      [32m+[0m[0m placement_partition_number           = (known after apply)
      [32m+[0m[0m primary_network_interface_id         = (known after apply)
      [32m+[0m[0m private_dns                          = (known after apply)
      [32m+[0m[0m private_ip                           = (known after apply)
      [32m+[0m[0m public_dns                           = (known after apply)
      [32m+[0m[0m public_ip                            = (known after apply)
      [32m+[0m[0m secondary_private_ips                = (known after apply)
      [32m+[0m[0m security_groups                      = (known after apply)
      [32m+[0m[0m source_dest_check                    = true
      [32m+[0m[0m spot_instance_request_id             = (known after apply)
      [32m+[0m[0m subnet_id                            = (known after apply)
      [32m+[0m[0m tags                                 = {
          [32m+[0m[0m "Name" = "hivemind-worker-cpu"
          [32m+[0m[0m "Role" = "worker"
        }
      [32m+[0m[0m tags_all                             = {
          [32m+[0m[0m "Name" = "hivemind-worker-cpu"
          [32m+[0m[0m "Role" = "worker"
        }
      [32m+[0m[0m tenancy                              = (known after apply)
      [32m+[0m[0m user_data                            = (sensitive value)
      [32m+[0m[0m user_data_base64                     = (known after apply)
      [32m+[0m[0m user_data_replace_on_change          = false
      [32m+[0m[0m vpc_security_group_ids               = (known after apply)

      [32m+[0m[0m capacity_reservation_specification (known after apply)

      [32m+[0m[0m cpu_options (known after apply)

      [32m+[0m[0m ebs_block_device (known after apply)

      [32m+[0m[0m enclave_options (known after apply)

      [32m+[0m[0m ephemeral_block_device (known after apply)

      [32m+[0m[0m instance_market_options (known after apply)

      [32m+[0m[0m maintenance_options (known after apply)

      [32m+[0m[0m metadata_options (known after apply)

      [32m+[0m[0m network_interface (known after apply)

      [32m+[0m[0m private_dns_name_options (known after apply)

      [32m+[0m[0m root_block_device {
          [32m+[0m[0m delete_on_termination = true
          [32m+[0m[0m device_name           = (known after apply)
          [32m+[0m[0m encrypted             = (known after apply)
          [32m+[0m[0m iops                  = (known after apply)
          [32m+[0m[0m kms_key_id            = (known after apply)
          [32m+[0m[0m tags_all              = (known after apply)
          [32m+[0m[0m throughput            = (known after apply)
          [32m+[0m[0m volume_id             = (known after apply)
          [32m+[0m[0m volume_size           = 100
          [32m+[0m[0m volume_type           = "gp3"
        }
    }

[1m  # aws_instance.worker_gpu[0m will be created
[0m  [32m+[0m[0m resource "aws_instance" "worker_gpu" {
      [32m+[0m[0m ami                                  = "ami-0714f823ff4e72d73"
      [32m+[0m[0m arn                                  = (known after apply)
      [32m+[0m[0m associate_public_ip_address          = (known after apply)
      [32m+[0m[0m availability_zone                    = (known after apply)
      [32m+[0m[0m cpu_core_count                       = (known after apply)
      [32m+[0m[0m cpu_threads_per_core                 = (known after apply)
      [32m+[0m[0m disable_api_stop                     = (known after apply)
      [32m+[0m[0m disable_api_termination              = (known after apply)
      [32m+[0m[0m ebs_optimized                        = (known after apply)
      [32m+[0m[0m enable_primary_ipv6                  = (known after apply)
      [32m+[0m[0m get_password_data                    = false
      [32m+[0m[0m host_id                              = (known after apply)
      [32m+[0m[0m host_resource_group_arn              = (known after apply)
      [32m+[0m[0m iam_instance_profile                 = (known after apply)
      [32m+[0m[0m id                                   = (known after apply)
      [32m+[0m[0m instance_initiated_shutdown_behavior = (known after apply)
      [32m+[0m[0m instance_lifecycle                   = (known after apply)
      [32m+[0m[0m instance_state                       = (known after apply)
      [32m+[0m[0m instance_type                        = "g4dn.xlarge"
      [32m+[0m[0m ipv6_address_count                   = (known after apply)
      [32m+[0m[0m ipv6_addresses                       = (known after apply)
      [32m+[0m[0m key_name                             = "hivemind-poc-deployer"
      [32m+[0m[0m monitoring                           = (known after apply)
      [32m+[0m[0m outpost_arn                          = (known after apply)
      [32m+[0m[0m password_data                        = (known after apply)
      [32m+[0m[0m placement_group                      = (known after apply)
      [32m+[0m[0m placement_partition_number           = (known after apply)
      [32m+[0m[0m primary_network_interface_id         = (known after apply)
      [32m+[0m[0m private_dns                          = (known after apply)
      [32m+[0m[0m private_ip                           = (known after apply)
      [32m+[0m[0m public_dns                           = (known after apply)
      [32m+[0m[0m public_ip                            = (known after apply)
      [32m+[0m[0m secondary_private_ips                = (known after apply)
      [32m+[0m[0m security_groups                      = (known after apply)
      [32m+[0m[0m source_dest_check                    = true
      [32m+[0m[0m spot_instance_request_id             = (known after apply)
      [32m+[0m[0m subnet_id                            = (known after apply)
      [32m+[0m[0m tags                                 = {
          [32m+[0m[0m "Name" = "hivemind-worker-gpu"
          [32m+[0m[0m "Role" = "worker"
        }
      [32m+[0m[0m tags_all                             = {
          [32m+[0m[0m "Name" = "hivemind-worker-gpu"
          [32m+[0m[0m "Role" = "worker"
        }
      [32m+[0m[0m tenancy                              = (known after apply)
      [32m+[0m[0m user_data                            = (sensitive value)
      [32m+[0m[0m user_data_base64                     = (known after apply)
      [32m+[0m[0m user_data_replace_on_change          = false
      [32m+[0m[0m vpc_security_group_ids               = (known after apply)

      [32m+[0m[0m capacity_reservation_specification (known after apply)

      [32m+[0m[0m cpu_options (known after apply)

      [32m+[0m[0m ebs_block_device (known after apply)

      [32m+[0m[0m enclave_options (known after apply)

      [32m+[0m[0m ephemeral_block_device (known after apply)

      [32m+[0m[0m instance_market_options (known after apply)

      [32m+[0m[0m maintenance_options (known after apply)

      [32m+[0m[0m metadata_options (known after apply)

      [32m+[0m[0m network_interface (known after apply)

      [32m+[0m[0m private_dns_name_options (known after apply)

      [32m+[0m[0m root_block_device {
          [32m+[0m[0m delete_on_termination = true
          [32m+[0m[0m device_name           = (known after apply)
          [32m+[0m[0m encrypted             = (known after apply)
          [32m+[0m[0m iops                  = (known after apply)
          [32m+[0m[0m kms_key_id            = (known after apply)
          [32m+[0m[0m tags_all              = (known after apply)
          [32m+[0m[0m throughput            = (known after apply)
          [32m+[0m[0m volume_id             = (known after apply)
          [32m+[0m[0m volume_size           = 100
          [32m+[0m[0m volume_type           = "gp3"
        }
    }

[1m  # aws_key_pair.poc[0m will be created
[0m  [32m+[0m[0m resource "aws_key_pair" "poc" {
      [32m+[0m[0m arn             = (known after apply)
      [32m+[0m[0m fingerprint     = (known after apply)
      [32m+[0m[0m id              = (known after apply)
      [32m+[0m[0m key_name        = "hivemind-poc-deployer"
      [32m+[0m[0m key_name_prefix = (known after apply)
      [32m+[0m[0m key_pair_id     = (known after apply)
      [32m+[0m[0m key_type        = (known after apply)
      [32m+[0m[0m public_key      = "ssh-ed25519 AAAAC3NzaC1lZDI1NTE5AAAAILralVpTQ0tgwve6HyxwiZ0bzY1wymH/lCm91uL5NjcP"
      [32m+[0m[0m tags_all        = (known after apply)
    }

[1m  # aws_security_group.hivemind[0m will be created
[0m  [32m+[0m[0m resource "aws_security_group" "hivemind" {
      [32m+[0m[0m arn                    = (known after apply)
      [32m+[0m[0m description            = "Managed by Terraform"
      [32m+[0m[0m egress                 = [
          [32m+[0m[0m {
              [32m+[0m[0m cidr_blocks      = [
                  [32m+[0m[0m "0.0.0.0/0",
                ]
              [32m+[0m[0m from_port        = 0
              [32m+[0m[0m ipv6_cidr_blocks = []
              [32m+[0m[0m prefix_list_ids  = []
              [32m+[0m[0m protocol         = "-1"
              [32m+[0m[0m security_groups  = []
              [32m+[0m[0m self             = false
              [32m+[0m[0m to_port          = 0
                [90m# (1 unchanged attribute hidden)[0m[0m
            },
        ]
      [32m+[0m[0m id                     = (known after apply)
      [32m+[0m[0m ingress                = [
          [32m+[0m[0m {
              [32m+[0m[0m cidr_blocks      = [
                  [32m+[0m[0m "66.108.102.239/32",
                ]
              [32m+[0m[0m from_port        = 22
              [32m+[0m[0m ipv6_cidr_blocks = []
              [32m+[0m[0m prefix_list_ids  = []
              [32m+[0m[0m protocol         = "tcp"
              [32m+[0m[0m security_groups  = []
              [32m+[0m[0m self             = false
              [32m+[0m[0m to_port          = 22
                [90m# (1 unchanged attribute hidden)[0m[0m
            },
          [32m+[0m[0m {
              [32m+[0m[0m cidr_blocks      = [
                  [32m+[0m[0m "66.108.102.239/32",
                ]
              [32m+[0m[0m from_port        = 8080
              [32m+[0m[0m ipv6_cidr_blocks = []
              [32m+[0m[0m prefix_list_ids  = []
              [32m+[0m[0m protocol         = "tcp"
              [32m+[0m[0m security_groups  = []
              [32m+[0m[0m self             = false
              [32m+[0m[0m to_port          = 8080
                [90m# (1 unchanged attribute hidden)[0m[0m
            },
          [32m+[0m[0m {
              [32m+[0m[0m cidr_blocks      = []
              [32m+[0m[0m from_port        = 8080
              [32m+[0m[0m ipv6_cidr_blocks = []
              [32m+[0m[0m prefix_list_ids  = []
              [32m+[0m[0m protocol         = "tcp"
              [32m+[0m[0m security_groups  = []
              [32m+[0m[0m self             = true
              [32m+[0m[0m to_port          = 9300
                [90m# (1 unchanged attribute hidden)[0m[0m
            },
          [32m+[0m[0m {
              [32m+[0m[0m cidr_blocks      = []
              [32m+[0m[0m from_port        = 9300
              [32m+[0m[0m ipv6_cidr_blocks = []
              [32m+[0m[0m prefix_list_ids  = []
              [32m+[0m[0m protocol         = "udp"
              [32m+[0m[0m security_groups  = []
              [32m+[0m[0m self             = true
              [32m+[0m[0m to_port          = 9300
                [90m# (1 unchanged attribute hidden)[0m[0m
            },
        ]
      [32m+[0m[0m name                   = (known after apply)
      [32m+[0m[0m name_prefix            = "hivemind-poc-"
      [32m+[0m[0m owner_id               = (known after apply)
      [32m+[0m[0m revoke_rules_on_delete = false
      [32m+[0m[0m tags                   = {
          [32m+[0m[0m "Name" = "hivemind-poc"
        }
      [32m+[0m[0m tags_all               = {
          [32m+[0m[0m "Name" = "hivemind-poc"
        }
      [32m+[0m[0m vpc_id                 = (known after apply)
    }

[1mPlan:[0m [0m10 to add, 0 to change, 0 to destroy.

Changes to Outputs:
  [32m+[0m[0m api_url              = (known after apply)
  [32m+[0m[0m dashboard_url        = (known after apply)
  [32m+[0m[0m ecr_repository_name  = "hivemind-poc"
  [32m+[0m[0m ecr_repository_url   = (known after apply)
  [32m+[0m[0m replica_ami          = "ami-098e39bafa7e7303d"
  [32m+[0m[0m replica_ips          = [
      [32m+[0m[0m (known after apply),
      [32m+[0m[0m (known after apply),
      [32m+[0m[0m (known after apply),
      [32m+[0m[0m (known after apply),
      [32m+[0m[0m (known after apply),
    ]
  [32m+[0m[0m replica_public_ips   = [
      [32m+[0m[0m (known after apply),
      [32m+[0m[0m (known after apply),
      [32m+[0m[0m (known after apply),
      [32m+[0m[0m (known after apply),
      [32m+[0m[0m (known after apply),
    ]
  [32m+[0m[0m worker_ami           = "ami-0714f823ff4e72d73"
  [32m+[0m[0m worker_cpu_ip        = (known after apply)
  [32m+[0m[0m worker_cpu_public_ip = (known after apply)
  [32m+[0m[0m worker_gpu_ip        = (known after apply)
  [32m+[0m[0m worker_gpu_public_ip = (known after apply)
[0m[1maws_key_pair.poc: Creating...[0m[0m
[0m[1maws_ecr_repository.workloads: Creating...[0m[0m
[0m[1maws_security_group.hivemind: Creating...[0m[0m
[0m[1maws_key_pair.poc: Creation complete after 0s [id=hivemind-poc-deployer][0m
[0m[1maws_ecr_repository.workloads: Creation complete after 0s [id=hivemind-poc][0m
[0m[1maws_security_group.hivemind: Creation complete after 3s [id=sg-0204e5de817e3d91d][0m
[0m[1maws_instance.replica[4]: Creating...[0m[0m
[0m[1maws_instance.replica[1]: Creating...[0m[0m
[0m[1maws_instance.worker_cpu: Creating...[0m[0m
[0m[1maws_instance.replica[2]: Creating...[0m[0m
[0m[1maws_instance.worker_gpu: Creating...[0m[0m
[0m[1maws_instance.replica[3]: Creating...[0m[0m
[0m[1maws_instance.replica[0]: Creating...[0m[0m
[0m[1maws_instance.replica[4]: Still creating... [00m10s elapsed][0m[0m
[0m[1maws_instance.replica[1]: Still creating... [00m10s elapsed][0m[0m
[0m[1maws_instance.replica[2]: Still creating... [00m10s elapsed][0m[0m
[0m[1maws_instance.worker_cpu: Still creating... [00m10s elapsed][0m[0m
[0m[1maws_instance.replica[3]: Still creating... [00m10s elapsed][0m[0m
[0m[1maws_instance.worker_gpu: Still creating... [00m10s elapsed][0m[0m
[0m[1maws_instance.replica[0]: Still creating... [00m10s elapsed][0m[0m
[0m[1maws_instance.replica[0]: Creation complete after 14s [id=i-0d45ab5f0b444ed7f][0m
[0m[1maws_instance.replica[4]: Creation complete after 14s [id=i-042cdf61b7f89ca23][0m
[0m[1maws_instance.worker_cpu: Creation complete after 14s [id=i-0ffdbe8fe50cce82a][0m
[0m[1maws_instance.worker_gpu: Creation complete after 14s [id=i-07720775d64b01227][0m
[0m[1maws_instance.replica[3]: Creation complete after 14s [id=i-0f7a54bcd9fca4183][0m
[0m[1maws_instance.replica[1]: Creation complete after 14s [id=i-0c63965b705b2dc34][0m
[0m[1maws_instance.replica[2]: Creation complete after 14s [id=i-057ace020be19d097][0m
[0m[1m[32m
Apply complete! Resources: 10 added, 0 changed, 0 destroyed.[0m
[0m[1m[32m
Outputs:

[0mapi_url = "http://3.92.152.8:8080"
dashboard_url = "http://3.92.152.8:8080/dashboard"
ecr_repository_name = "hivemind-poc"
ecr_repository_url = "288552132534.dkr.ecr.us-east-1.amazonaws.com/hivemind-poc"
replica_ami = "ami-098e39bafa7e7303d"
replica_ips = [
  "172.31.5.249",
  "172.31.2.139",
  "172.31.2.15",
  "172.31.4.21",
  "172.31.15.88",
]
replica_public_ips = [
  "3.92.152.8",
  "13.222.131.25",
  "44.200.255.95",
  "44.220.84.103",
  "34.201.16.39",
]
worker_ami = "ami-0714f823ff4e72d73"
worker_cpu_ip = "172.31.15.32"
worker_cpu_public_ip = "44.205.13.54"
worker_gpu_ip = "172.31.68.18"
worker_gpu_public_ip = "13.222.135.54"
api_url=http://3.92.152.8:8080
replica_public_ips=3.92.152.8,13.222.131.25,44.200.255.95,44.220.84.103,34.201.16.39
worker_cpu_public_ip=44.205.13.54
worker_gpu_public_ip=13.222.135.54
ecr_repository_url=288552132534.dkr.ecr.us-east-1.amazonaws.com/hivemind-poc

=== 2. Build and push workload images ===

WARNING! Your credentials are stored unencrypted in '/Users/elijahrou/.docker/config.json'.
Configure a credential helper to remove this warning. See
https://docs.docker.com/go/credential-store/

DEPRECATED: The legacy builder is deprecated and will be removed in a future release.
            Install the buildx component to build images with BuildKit:
            https://docs.docker.com/go/buildx/

DEPRECATED: The legacy builder is deprecated and will be removed in a future release.
            Install the buildx component to build images with BuildKit:
            https://docs.docker.com/go/buildx/

Logging into ECR in us-east-1...
Login Succeeded
Sending build context to Docker daemon  5.632kB

Step 1/6 : FROM python:3.12-slim
 ---> 46cb7cc2877e
Step 2/6 : WORKDIR /app
 ---> Using cache
 ---> f0b5474cb96f
Step 3/6 : COPY server.py /app/server.py
 ---> Using cache
 ---> e5944a3c210b
Step 4/6 : ENV PORT=8080
 ---> Using cache
 ---> 708c29871712
Step 5/6 : EXPOSE 8080
 ---> Using cache
 ---> ccf181e2a67a
Step 6/6 : CMD ["python", "/app/server.py"]
 ---> Using cache
 ---> 0ef7805101e7
Successfully built 0ef7805101e7
Successfully tagged 288552132534.dkr.ecr.us-east-1.amazonaws.com/hivemind-poc:cpu-poc-20260427150339
Sending build context to Docker daemon  6.144kB

Step 1/6 : FROM pytorch/pytorch:2.4.1-cuda12.4-cudnn9-runtime
 ---> 0a3b9fedefe1
Step 2/6 : WORKDIR /app
 ---> Using cache
 ---> 6a2293c78e1c
Step 3/6 : COPY server.py /app/server.py
 ---> Using cache
 ---> c180a31b6fb2
Step 4/6 : ENV PORT=8080
 ---> Using cache
 ---> 8fbb81e7f819
Step 5/6 : EXPOSE 8080
 ---> Using cache
 ---> 672519f0b3ae
Step 6/6 : CMD ["python", "/app/server.py"]
 ---> Using cache
 ---> a7d6d5d16403
Successfully built a7d6d5d16403
Successfully tagged 288552132534.dkr.ecr.us-east-1.amazonaws.com/hivemind-poc:gpu-poc-20260427150339
The push refers to repository [288552132534.dkr.ecr.us-east-1.amazonaws.com/hivemind-poc]
40cc0faef9f9: Waiting
cb8c0a9140ac: Waiting
3fc9d9ab5045: Waiting
720567a4c908: Waiting
4d873bcef452: Waiting
3531af2bc2a9: Waiting
cb8c0a9140ac: Waiting
3fc9d9ab5045: Waiting
720567a4c908: Waiting
4d873bcef452: Waiting
3531af2bc2a9: Waiting
40cc0faef9f9: Waiting
40cc0faef9f9: Waiting
cb8c0a9140ac: Waiting
3fc9d9ab5045: Waiting
720567a4c908: Waiting
4d873bcef452: Waiting
3531af2bc2a9: Waiting
cb8c0a9140ac: Waiting
3fc9d9ab5045: Waiting
720567a4c908: Waiting
4d873bcef452: Waiting
3531af2bc2a9: Waiting
40cc0faef9f9: Waiting
3fc9d9ab5045: Waiting
3531af2bc2a9: Waiting
40cc0faef9f9: Pushed
720567a4c908: Pushed
3fc9d9ab5045: Pushed
cb8c0a9140ac: Pushed
4d873bcef452: Pushed
3531af2bc2a9: Pushed
cpu-poc-20260427150339: digest: sha256:0ef7805101e7df470e42baccddceeddf7959f214d30903c7f8aea65ce1e53cbd size: 1617
The push refers to repository [288552132534.dkr.ecr.us-east-1.amazonaws.com/hivemind-poc]
c8393d760826: Waiting
762bedf4b1b7: Waiting
93b49a9626b7: Waiting
cb00ecd0a8d2: Waiting
4f4fb700ef54: Waiting
98388d1e34bc: Waiting
4874c88dd118: Waiting
93b49a9626b7: Waiting
cb00ecd0a8d2: Waiting
4f4fb700ef54: Waiting
98388d1e34bc: Waiting
4874c88dd118: Waiting
c8393d760826: Waiting
762bedf4b1b7: Waiting
4874c88dd118: Waiting
c8393d760826: Waiting
762bedf4b1b7: Waiting
93b49a9626b7: Waiting
cb00ecd0a8d2: Waiting
4f4fb700ef54: Waiting
98388d1e34bc: Waiting
762bedf4b1b7: Waiting
93b49a9626b7: Waiting
cb00ecd0a8d2: Waiting
4f4fb700ef54: Waiting
98388d1e34bc: Waiting
4874c88dd118: Waiting
c8393d760826: Waiting
cb00ecd0a8d2: Pushed
4f4fb700ef54: Pushed
98388d1e34bc: Pushed
4874c88dd118: Pushed
93b49a9626b7: Pushed
762bedf4b1b7: Pushed
c8393d760826: Pushed
gpu-poc-20260427150339: digest: sha256:a7d6d5d16403e1733cf07d130dc4b58242c8658227f07560a989a59d2039b6aa size: 1861
CPU_IMAGE=288552132534.dkr.ecr.us-east-1.amazonaws.com/hivemind-poc:cpu-poc-20260427150339
GPU_IMAGE=288552132534.dkr.ecr.us-east-1.amazonaws.com/hivemind-poc:gpu-poc-20260427150339
image_env=/Users/elijahrou/Projects/hivemind/artifacts/poc-final/00-runbook/images-poc-20260427150339.env

=== 3. Deploy Hivemind binaries/services ===
==> Building Zig replica (linux-x86_64)...
==> Building Rust worker (linux-x86_64)...
    using cargo-zigbuild (cargo-zigbuild 0.22.2, zig 0.16.0)
warning: constant `MSG_REGISTER_ACK` is never used
 --> src/protocol.rs:8:7
  |
8 | const MSG_REGISTER_ACK: u8 = 0x01;
  |       ^^^^^^^^^^^^^^^^
  |
  = note: `#[warn(dead_code)]` (part of `#[warn(unused)]`) on by default

warning: `hivemind-worker` (lib) generated 1 warning
    Finished `release` profile [optimized] target(s) in 0.15s
==> Building Go API (linux-x86_64)...
==> Reading Terraform outputs...
    Replicas: 172.31.5.249 172.31.2.139 172.31.2.15 172.31.4.21 172.31.15.88
    Worker CPU: 172.31.15.32
    Worker GPU: 172.31.68.18
    Peers: 0@172.31.5.249:9102,1@172.31.2.139:9102,2@172.31.2.15:9102,3@172.31.4.21:9102,4@172.31.15.88:9102
    API addrs: 172.31.5.249:9001,172.31.2.139:9001,172.31.2.15:9001,172.31.4.21:9001,172.31.15.88:9001
==> Deploying replica 0 to 3.92.152.8 (172.31.5.249)...
Warning: Permanently added '3.92.152.8' (ED25519) to the list of known hosts.
Warning: Permanently added '3.92.152.8' (ED25519) to the list of known hosts.
Warning: Permanently added '3.92.152.8' (ED25519) to the list of known hosts.
Warning: Permanently added '3.92.152.8' (ED25519) to the list of known hosts.
Warning: Permanently added '3.92.152.8' (ED25519) to the list of known hosts.
Created symlink /etc/systemd/system/multi-user.target.wants/hivemind.service → /etc/systemd/system/hivemind.service.
Created symlink /etc/systemd/system/multi-user.target.wants/hivemind-api.service → /etc/systemd/system/hivemind-api.service.
    replica 0 started
==> Deploying replica 1 to 13.222.131.25 (172.31.2.139)...
Warning: Permanently added '13.222.131.25' (ED25519) to the list of known hosts.
Warning: Permanently added '13.222.131.25' (ED25519) to the list of known hosts.
Warning: Permanently added '13.222.131.25' (ED25519) to the list of known hosts.
Warning: Permanently added '13.222.131.25' (ED25519) to the list of known hosts.
Warning: Permanently added '13.222.131.25' (ED25519) to the list of known hosts.
Created symlink /etc/systemd/system/multi-user.target.wants/hivemind.service → /etc/systemd/system/hivemind.service.
Created symlink /etc/systemd/system/multi-user.target.wants/hivemind-api.service → /etc/systemd/system/hivemind-api.service.
    replica 1 started
==> Deploying replica 2 to 44.200.255.95 (172.31.2.15)...
Warning: Permanently added '44.200.255.95' (ED25519) to the list of known hosts.
Warning: Permanently added '44.200.255.95' (ED25519) to the list of known hosts.
Warning: Permanently added '44.200.255.95' (ED25519) to the list of known hosts.
Warning: Permanently added '44.200.255.95' (ED25519) to the list of known hosts.
Warning: Permanently added '44.200.255.95' (ED25519) to the list of known hosts.
Created symlink /etc/systemd/system/multi-user.target.wants/hivemind.service → /etc/systemd/system/hivemind.service.
Created symlink /etc/systemd/system/multi-user.target.wants/hivemind-api.service → /etc/systemd/system/hivemind-api.service.
    replica 2 started
==> Deploying replica 3 to 44.220.84.103 (172.31.4.21)...
Warning: Permanently added '44.220.84.103' (ED25519) to the list of known hosts.
Warning: Permanently added '44.220.84.103' (ED25519) to the list of known hosts.
Warning: Permanently added '44.220.84.103' (ED25519) to the list of known hosts.
Warning: Permanently added '44.220.84.103' (ED25519) to the list of known hosts.
Warning: Permanently added '44.220.84.103' (ED25519) to the list of known hosts.
Created symlink /etc/systemd/system/multi-user.target.wants/hivemind.service → /etc/systemd/system/hivemind.service.
Created symlink /etc/systemd/system/multi-user.target.wants/hivemind-api.service → /etc/systemd/system/hivemind-api.service.
    replica 3 started
==> Deploying replica 4 to 34.201.16.39 (172.31.15.88)...
Warning: Permanently added '34.201.16.39' (ED25519) to the list of known hosts.
Warning: Permanently added '34.201.16.39' (ED25519) to the list of known hosts.
Warning: Permanently added '34.201.16.39' (ED25519) to the list of known hosts.
Warning: Permanently added '34.201.16.39' (ED25519) to the list of known hosts.
Warning: Permanently added '34.201.16.39' (ED25519) to the list of known hosts.
Created symlink /etc/systemd/system/multi-user.target.wants/hivemind.service → /etc/systemd/system/hivemind.service.
Created symlink /etc/systemd/system/multi-user.target.wants/hivemind-api.service → /etc/systemd/system/hivemind-api.service.
    replica 4 started
==> Waiting 10s for leader election...
==> Deploying worker (cpu) to 44.205.13.54...
Warning: Permanently added '44.205.13.54' (ED25519) to the list of known hosts.
Warning: Permanently added '44.205.13.54' (ED25519) to the list of known hosts.
Warning: Permanently added '44.205.13.54' (ED25519) to the list of known hosts.
Warning: Permanently added '44.205.13.54' (ED25519) to the list of known hosts.
Created symlink /etc/systemd/system/multi-user.target.wants/hivemind-worker.service → /etc/systemd/system/hivemind-worker.service.
    worker (cpu) started
==> Deploying worker (gpu) to 13.222.135.54...
Warning: Permanently added '13.222.135.54' (ED25519) to the list of known hosts.
Warning: Permanently added '13.222.135.54' (ED25519) to the list of known hosts.
Warning: Permanently added '13.222.135.54' (ED25519) to the list of known hosts.
Warning: Permanently added '13.222.135.54' (ED25519) to the list of known hosts.
Created symlink /etc/systemd/system/multi-user.target.wants/hivemind-worker.service → /etc/systemd/system/hivemind-worker.service.
    worker (gpu) started

=== POC Deployment Complete ===
Replica IPs:  3.92.152.8 13.222.131.25 44.200.255.95 44.220.84.103 34.201.16.39
Worker CPU:    44.205.13.54
Worker GPU:    13.222.135.54
API:          http://3.92.152.8:8080/v1/health
Dashboard:    http://3.92.152.8:8080/dashboard
Smoke:        ./smoke-test.sh http://3.92.152.8:8080 --gpu-worker 13.222.135.54 --ssh-key /Users/elijahrou/.ssh/id_ed25519 --gpu-type t4

=== 4. Preload workload images into Hivemind workers ===
preload_image worker=44.205.13.54 label=cpu-on-cpu image=288552132534.dkr.ecr.us-east-1.amazonaws.com/hivemind-poc:cpu-poc-20260427150339
Warning: Permanently added '44.205.13.54' (ED25519) to the list of known hosts.
time="2026-04-27T19:20:41Z" level=warning msg="DEPRECATION: The `otlp` property of `[plugins.\"io.containerd.tracing.processor.v1\".otlp]` is deprecated since containerd v1.6 and will be removed in containerd v2.0.Use OTLP environment variables instead: https://opentelemetry.io/docs/specs/otel/protocol/exporter/"
time="2026-04-27T19:20:41Z" level=warning msg="DEPRECATION: The `tracing` property of `[plugins.\"io.containerd.internal.v1\".tracing]` is deprecated since containerd v1.6 and will be removed in containerd v2.0.Use OTEL environment variables instead: https://opentelemetry.io/docs/specs/otel/configuration/sdk-environment-variables/"
Warning: Permanently added '44.205.13.54' (ED25519) to the list of known hosts.
time="2026-04-27T19:20:42Z" level=warning msg="DEPRECATION: The `tracing` property of `[plugins.\"io.containerd.internal.v1\".tracing]` is deprecated since containerd v1.6 and will be removed in containerd v2.0.Use OTEL environment variables instead: https://opentelemetry.io/docs/specs/otel/configuration/sdk-environment-variables/"
time="2026-04-27T19:20:42Z" level=warning msg="DEPRECATION: The `otlp` property of `[plugins.\"io.containerd.tracing.processor.v1\".otlp]` is deprecated since containerd v1.6 and will be removed in containerd v2.0.Use OTLP environment variables instead: https://opentelemetry.io/docs/specs/otel/protocol/exporter/"
288552132534.dkr.ecr.us-east-1.amazonaws.com/hivemind-poc:cpu-poc-20260427150339
preload_image worker=13.222.135.54 label=cpu-on-gpu image=288552132534.dkr.ecr.us-east-1.amazonaws.com/hivemind-poc:cpu-poc-20260427150339
Warning: Permanently added '13.222.135.54' (ED25519) to the list of known hosts.
time="2026-04-27T19:20:57Z" level=warning msg="DEPRECATION: The `otlp` property of `[plugins.\"io.containerd.tracing.processor.v1\".otlp]` is deprecated since containerd v1.6 and will be removed in containerd v2.0.Use OTLP environment variables instead: https://opentelemetry.io/docs/specs/otel/protocol/exporter/"
time="2026-04-27T19:20:57Z" level=warning msg="DEPRECATION: The `tracing` property of `[plugins.\"io.containerd.internal.v1\".tracing]` is deprecated since containerd v1.6 and will be removed in containerd v2.0.Use OTEL environment variables instead: https://opentelemetry.io/docs/specs/otel/configuration/sdk-environment-variables/"
Warning: Permanently added '13.222.135.54' (ED25519) to the list of known hosts.
time="2026-04-27T19:20:57Z" level=warning msg="DEPRECATION: The `otlp` property of `[plugins.\"io.containerd.tracing.processor.v1\".otlp]` is deprecated since containerd v1.6 and will be removed in containerd v2.0.Use OTLP environment variables instead: https://opentelemetry.io/docs/specs/otel/protocol/exporter/"
time="2026-04-27T19:20:57Z" level=warning msg="DEPRECATION: The `tracing` property of `[plugins.\"io.containerd.internal.v1\".tracing]` is deprecated since containerd v1.6 and will be removed in containerd v2.0.Use OTEL environment variables instead: https://opentelemetry.io/docs/specs/otel/configuration/sdk-environment-variables/"
288552132534.dkr.ecr.us-east-1.amazonaws.com/hivemind-poc:cpu-poc-20260427150339
preload_image worker=13.222.135.54 label=gpu-on-gpu image=288552132534.dkr.ecr.us-east-1.amazonaws.com/hivemind-poc:gpu-poc-20260427150339
Warning: Permanently added '13.222.135.54' (ED25519) to the list of known hosts.
time="2026-04-27T19:37:30Z" level=warning msg="DEPRECATION: The `tracing` property of `[plugins.\"io.containerd.internal.v1\".tracing]` is deprecated since containerd v1.6 and will be removed in containerd v2.0.Use OTEL environment variables instead: https://opentelemetry.io/docs/specs/otel/configuration/sdk-environment-variables/"
time="2026-04-27T19:37:30Z" level=warning msg="DEPRECATION: The `otlp` property of `[plugins.\"io.containerd.tracing.processor.v1\".otlp]` is deprecated since containerd v1.6 and will be removed in containerd v2.0.Use OTLP environment variables instead: https://opentelemetry.io/docs/specs/otel/protocol/exporter/"
Warning: Permanently added '13.222.135.54' (ED25519) to the list of known hosts.
288552132534.dkr.ecr.us-east-1.amazonaws.com/hivemind-poc:gpu-poc-20260427150339
time="2026-04-27T19:37:31Z" level=warning msg="DEPRECATION: The `otlp` property of `[plugins.\"io.containerd.tracing.processor.v1\".otlp]` is deprecated since containerd v1.6 and will be removed in containerd v2.0.Use OTLP environment variables instead: https://opentelemetry.io/docs/specs/otel/protocol/exporter/"
time="2026-04-27T19:37:31Z" level=warning msg="DEPRECATION: The `tracing` property of `[plugins.\"io.containerd.internal.v1\".tracing]` is deprecated since containerd v1.6 and will be removed in containerd v2.0.Use OTEL environment variables instead: https://opentelemetry.io/docs/specs/otel/configuration/sdk-environment-variables/"

=== 5. Fresh Hivemind smoke ===
=== Hivemind POC Smoke Test ===
API: http://3.92.152.8:8080
GPU worker: 13.222.135.54 (t4)

[1/11] Health check...
  PASS: health endpoint responds
[2/11] Dashboard check...
  PASS: dashboard returns 200
[3/11] Cluster state...
  PASS: cluster section renders
[4/11] Nodes check...
  PASS: nodes section renders
  PASS: gpu node visible
[5/11] Workers check...
  PASS: workers section renders
  PASS: gpu worker visible
[6/11] Remote GPU checks...
  PASS: gpu worker has nvidia-smi (attempt 1)
  PASS: gpu worker has containerd (attempt 1)
[7/11] Create CPU deployment...
  PASS: cpu deployment created
    Response: {"id":11177516664432764457,"name":"smoke-cpu-1777318651-68630"}
    waiting for cpu deployment on dashboard...
  PASS: cpu deployment visible (attempt 1)
    waiting... (1/24)
  PASS: cpu deployment ready (attempt 2)
  PASS: cpu run request echoes payload (attempt 1)
[8/11] Create GPU deployment...
  PASS: gpu deployment created
    Response: {"id":9659130143999365733,"name":"smoke-gpu-1777318651-68630"}
    waiting for gpu deployment on dashboard...
  PASS: gpu deployment visible (attempt 1)
    waiting... (1/24)
  PASS: gpu deployment ready (attempt 2)
  PASS: gpu run request echoes payload (attempt 1)
[9/11] Remote GPU runtime proof...
  PASS: gpu worker task list has hivemind pod (attempt 1)
  PASS: gpu worker container uses nvidia runtime (attempt 1)
[10/11] Deployments check...
  PASS: cpu deployment listed
  PASS: gpu deployment listed
[11/11] Pods check...
  PASS: pods section renders

=== Results: 22 passed, 0 failed ===

=== 6. Section 3 real workload validation ===
{"id":11693034620340510321,"name":"poc-cpu-1777318666"}
waiting: poc-cpu-1777318666 attempt=1/36
waiting: poc-cpu-1777318666 attempt=2/36
waiting: poc-cpu-1777318666 attempt=3/36
waiting: poc-cpu-1777318666 attempt=4/36
waiting: poc-cpu-1777318666 attempt=5/36
waiting: poc-cpu-1777318666 attempt=6/36
ready: poc-cpu-1777318666 attempt=7
run ready: poc-cpu-1777318666 attempt=1
run ready: poc-cpu-1777318666 attempt=1
{"id":9024654201992055039,"name":"poc-gpu-1777318666"}
waiting: poc-gpu-1777318666 attempt=1/60
ready: poc-gpu-1777318666 attempt=2
run ready: poc-gpu-1777318666 attempt=1
run ready: poc-gpu-1777318666 attempt=1
CPU_DEPLOYMENT_ID=11693034620340510321
GPU_DEPLOYMENT_ID=9024654201992055039
evidence=/Users/elijahrou/Projects/hivemind/artifacts/poc-final/04-workloads

=== 7. Section 4 operator workflow proof ===
{"id":2074683623940568804,"name":"op-cpu-1777318705"}
pass: create-cpu attempt=2
{"id":5632491372296299238,"name":"op-gpu-1777318705"}
pass: create-gpu attempt=12
{"ok":true}
{"ok":true}
{"ok":true}
pass: scale-up attempt=2
{"ok":true}
pass: scale-zero attempt=1
curl: (22) The requested URL returned error: 502
curl: (22) The requested URL returned error: 502
pass: run op-cpu-1777318705 attempt=3
{"model":"poc-cpu-hash-embedder-v1","device":"cpu","input_chars":14,"embedding":[0.112703,-0.292677,-0.27171,0.072514,0.304909,0.095229,0.089987,0.007863,-0.36956,-0.032326,0.352087,-0.565261,0.034073,0.177354,0.301414,0.08824],"classification":{"label":"cpu","score":0.53361,"scores":{"inference":0.069547,"routing":0.173601,"gpu":0.04558,"cpu":0.53361,"serverless":0.118886,"model":0.165903}}}pass: wake-from-zero attempt=1
{"ok":true}
{"ok":true}
evidence=/Users/elijahrou/Projects/hivemind/artifacts/poc-final/05-operator

=== 8. Section 5 failure drills ===
=== Drill A: Leader loss during traffic ===

[A1] Create deployment for drill traffic...
{"id":1956468987595729445,"name":"drill-cpu-1777318840-69450"}

[A2] Wait for deployment ready...
  ready at attempt 7
[A3] Verify /run works before kill...
  FAIL: pre-kill run succeeds (expected 'pre-kill', got '{"model":"poc-cpu-hash-embedder-v1","device":"cpu","input_chars":12,"embedding":[-0.458393,-0.012191,0.024383,0.202376,-0.258456,-0.234073,-0.119475,0.380369,0.021944,0.2804,0.426696,-0.258456,0.202376,0.017068,-0.031697,0.312098],"classification":{"label":"cpu","score":0.189993,"scores":{"inference":-0.355206,"routing":-0.302972,"gpu":-0.107148,"cpu":0.189993,"serverless":0.138969,"model":0.00871}}}')
[A4] Current leader: 172.31.5.249
     Killing hivemind on leader...
