=== Hivemind one deployment 0 -> 50 -> 1 ===
waiting scenario=single entity=hm-scale-single-hmtailfix3-20260503011835 ready=0/1 pods_running=0 scheduled=1 total=1 op=14942 commit=14942 attempt=1/900
ready scenario=single entity=hm-scale-single-hmtailfix3-20260503011835 expected=1 attempt=2 op=14943 commit=14943 pods=1/1/1
zero_ready scenario=single entity=hm-scale-single-hmtailfix3-20260503011835 attempt=1 op=14945 commit=14945
waiting scenario=single entity=hm-scale-single-hmtailfix3-20260503011835 ready=0/50 pods_running=0 scheduled=50 total=50 op=15001 commit=15000 attempt=1/1500
waiting scenario=single entity=hm-scale-single-hmtailfix3-20260503011835 ready=0/50 pods_running=0 scheduled=50 total=50 op=15055 commit=15055 attempt=2/1500
waiting scenario=single entity=hm-scale-single-hmtailfix3-20260503011835 ready=0/50 pods_running=0 scheduled=50 total=50 op=15055 commit=15055 attempt=3/1500
waiting scenario=single entity=hm-scale-single-hmtailfix3-20260503011835 ready=0/50 pods_running=0 scheduled=50 total=50 op=15055 commit=15055 attempt=4/1500
waiting scenario=single entity=hm-scale-single-hmtailfix3-20260503011835 ready=0/50 pods_running=0 scheduled=50 total=50 op=15055 commit=15055 attempt=5/1500
waiting scenario=single entity=hm-scale-single-hmtailfix3-20260503011835 ready=0/50 pods_running=0 scheduled=50 total=50 op=15055 commit=15055 attempt=6/1500
waiting scenario=single entity=hm-scale-single-hmtailfix3-20260503011835 ready=0/50 pods_running=0 scheduled=50 total=50 op=15055 commit=15055 attempt=7/1500
waiting scenario=single entity=hm-scale-single-hmtailfix3-20260503011835 ready=0/50 pods_running=0 scheduled=50 total=50 op=15055 commit=15055 attempt=8/1500
waiting scenario=single entity=hm-scale-single-hmtailfix3-20260503011835 ready=0/50 pods_running=0 scheduled=50 total=50 op=15055 commit=15055 attempt=9/1500
waiting scenario=single entity=hm-scale-single-hmtailfix3-20260503011835 ready=0/50 pods_running=0 scheduled=50 total=50 op=15055 commit=15055 attempt=10/1500
waiting scenario=single entity=hm-scale-single-hmtailfix3-20260503011835 ready=0/50 pods_running=0 scheduled=50 total=50 op=15055 commit=15055 attempt=11/1500
waiting scenario=single entity=hm-scale-single-hmtailfix3-20260503011835 ready=0/50 pods_running=0 scheduled=50 total=50 op=15055 commit=15055 attempt=12/1500
waiting scenario=single entity=hm-scale-single-hmtailfix3-20260503011835 ready=0/50 pods_running=0 scheduled=50 total=50 op=15055 commit=15055 attempt=13/1500
waiting scenario=single entity=hm-scale-single-hmtailfix3-20260503011835 ready=0/50 pods_running=0 scheduled=50 total=50 op=15055 commit=15055 attempt=14/1500
waiting scenario=single entity=hm-scale-single-hmtailfix3-20260503011835 ready=0/50 pods_running=0 scheduled=50 total=50 op=15055 commit=15055 attempt=15/1500
waiting scenario=single entity=hm-scale-single-hmtailfix3-20260503011835 ready=49/50 pods_running=49 scheduled=50 total=50 op=15104 commit=15104 attempt=16/1500
waiting scenario=single entity=hm-scale-single-hmtailfix3-20260503011835 ready=49/50 pods_running=49 scheduled=50 total=50 op=15104 commit=15104 attempt=17/1500
waiting scenario=single entity=hm-scale-single-hmtailfix3-20260503011835 ready=49/50 pods_running=49 scheduled=50 total=50 op=15104 commit=15104 attempt=18/1500
waiting scenario=single entity=hm-scale-single-hmtailfix3-20260503011835 ready=49/50 pods_running=49 scheduled=50 total=50 op=15104 commit=15104 attempt=19/1500
waiting scenario=single entity=hm-scale-single-hmtailfix3-20260503011835 ready=49/50 pods_running=49 scheduled=50 total=50 op=15104 commit=15104 attempt=20/1500
waiting scenario=single entity=hm-scale-single-hmtailfix3-20260503011835 ready=49/50 pods_running=49 scheduled=50 total=50 op=15104 commit=15104 attempt=21/1500
waiting scenario=single entity=hm-scale-single-hmtailfix3-20260503011835 ready=49/50 pods_running=49 scheduled=50 total=50 op=15104 commit=15104 attempt=22/1500
waiting scenario=single entity=hm-scale-single-hmtailfix3-20260503011835 ready=49/50 pods_running=49 scheduled=50 total=50 op=15104 commit=15104 attempt=23/1500
waiting scenario=single entity=hm-scale-single-hmtailfix3-20260503011835 ready=49/50 pods_running=49 scheduled=50 total=50 op=15104 commit=15104 attempt=24/1500
waiting scenario=single entity=hm-scale-single-hmtailfix3-20260503011835 ready=49/50 pods_running=49 scheduled=50 total=50 op=15104 commit=15104 attempt=25/1500
waiting scenario=single entity=hm-scale-single-hmtailfix3-20260503011835 ready=49/50 pods_running=49 scheduled=50 total=50 op=15104 commit=15104 attempt=26/1500
waiting scenario=single entity=hm-scale-single-hmtailfix3-20260503011835 ready=49/50 pods_running=49 scheduled=50 total=50 op=15104 commit=15104 attempt=27/1500
waiting scenario=single entity=hm-scale-single-hmtailfix3-20260503011835 ready=49/50 pods_running=49 scheduled=50 total=50 op=15104 commit=15104 attempt=28/1500
waiting scenario=single entity=hm-scale-single-hmtailfix3-20260503011835 ready=49/50 pods_running=49 scheduled=50 total=50 op=15104 commit=15104 attempt=29/1500
waiting scenario=single entity=hm-scale-single-hmtailfix3-20260503011835 ready=49/50 pods_running=49 scheduled=50 total=50 op=15104 commit=15104 attempt=30/1500
waiting scenario=single entity=hm-scale-single-hmtailfix3-20260503011835 ready=49/50 pods_running=49 scheduled=50 total=50 op=15104 commit=15104 attempt=31/1500
waiting scenario=single entity=hm-scale-single-hmtailfix3-20260503011835 ready=49/50 pods_running=49 scheduled=50 total=50 op=15104 commit=15104 attempt=32/1500
waiting scenario=single entity=hm-scale-single-hmtailfix3-20260503011835 ready=49/50 pods_running=49 scheduled=50 total=50 op=15104 commit=15104 attempt=33/1500
waiting scenario=single entity=hm-scale-single-hmtailfix3-20260503011835 ready=49/50 pods_running=49 scheduled=50 total=50 op=15104 commit=15104 attempt=34/1500
waiting scenario=single entity=hm-scale-single-hmtailfix3-20260503011835 ready=49/50 pods_running=49 scheduled=50 total=50 op=15104 commit=15104 attempt=35/1500
waiting scenario=single entity=hm-scale-single-hmtailfix3-20260503011835 ready=49/50 pods_running=49 scheduled=50 total=50 op=15104 commit=15104 attempt=36/1500
waiting scenario=single entity=hm-scale-single-hmtailfix3-20260503011835 ready=49/50 pods_running=49 scheduled=50 total=50 op=15104 commit=15104 attempt=37/1500
waiting scenario=single entity=hm-scale-single-hmtailfix3-20260503011835 ready=49/50 pods_running=49 scheduled=50 total=50 op=15104 commit=15104 attempt=38/1500
waiting scenario=single entity=hm-scale-single-hmtailfix3-20260503011835 ready=49/50 pods_running=49 scheduled=50 total=50 op=15104 commit=15104 attempt=39/1500
waiting scenario=single entity=hm-scale-single-hmtailfix3-20260503011835 ready=49/50 pods_running=49 scheduled=50 total=50 op=15104 commit=15104 attempt=40/1500
waiting scenario=single entity=hm-scale-single-hmtailfix3-20260503011835 ready=49/50 pods_running=49 scheduled=50 total=50 op=15104 commit=15104 attempt=41/1500
waiting scenario=single entity=hm-scale-single-hmtailfix3-20260503011835 ready=49/50 pods_running=49 scheduled=50 total=50 op=15104 commit=15104 attempt=42/1500
waiting scenario=single entity=hm-scale-single-hmtailfix3-20260503011835 ready=49/50 pods_running=49 scheduled=50 total=50 op=15104 commit=15104 attempt=43/1500
waiting scenario=single entity=hm-scale-single-hmtailfix3-20260503011835 ready=49/50 pods_running=49 scheduled=50 total=50 op=15104 commit=15104 attempt=44/1500
waiting scenario=single entity=hm-scale-single-hmtailfix3-20260503011835 ready=49/50 pods_running=49 scheduled=50 total=50 op=15106 commit=15106 attempt=45/1500
waiting scenario=single entity=hm-scale-single-hmtailfix3-20260503011835 ready=49/50 pods_running=49 scheduled=50 total=50 op=15106 commit=15106 attempt=46/1500
waiting scenario=single entity=hm-scale-single-hmtailfix3-20260503011835 ready=49/50 pods_running=49 scheduled=50 total=50 op=15106 commit=15106 attempt=47/1500
waiting scenario=single entity=hm-scale-single-hmtailfix3-20260503011835 ready=49/50 pods_running=49 scheduled=50 total=50 op=15106 commit=15106 attempt=48/1500
waiting scenario=single entity=hm-scale-single-hmtailfix3-20260503011835 ready=49/50 pods_running=49 scheduled=50 total=50 op=15106 commit=15106 attempt=49/1500
waiting scenario=single entity=hm-scale-single-hmtailfix3-20260503011835 ready=49/50 pods_running=49 scheduled=50 total=50 op=15106 commit=15106 attempt=50/1500
waiting scenario=single entity=hm-scale-single-hmtailfix3-20260503011835 ready=49/50 pods_running=49 scheduled=50 total=50 op=15106 commit=15106 attempt=51/1500
waiting scenario=single entity=hm-scale-single-hmtailfix3-20260503011835 ready=49/50 pods_running=49 scheduled=50 total=50 op=15111 commit=15110 attempt=52/1500
waiting scenario=single entity=hm-scale-single-hmtailfix3-20260503011835 ready=49/50 pods_running=49 scheduled=50 total=50 op=15120 commit=15119 attempt=53/1500
waiting scenario=single entity=hm-scale-single-hmtailfix3-20260503011835 ready=49/50 pods_running=49 scheduled=50 total=50 op=15127 commit=15126 attempt=54/1500
waiting scenario=single entity=hm-scale-single-hmtailfix3-20260503011835 ready=49/50 pods_running=49 scheduled=50 total=50 op=15135 commit=15134 attempt=55/1500
waiting scenario=single entity=hm-scale-single-hmtailfix3-20260503011835 ready=49/50 pods_running=49 scheduled=50 total=50 op=15144 commit=15143 attempt=56/1500
waiting scenario=single entity=hm-scale-single-hmtailfix3-20260503011835 ready=49/50 pods_running=49 scheduled=50 total=50 op=15151 commit=15150 attempt=57/1500
waiting scenario=single entity=hm-scale-single-hmtailfix3-20260503011835 ready=49/50 pods_running=49 scheduled=50 total=50 op=15159 commit=15158 attempt=58/1500
waiting scenario=single entity=hm-scale-single-hmtailfix3-20260503011835 ready=49/50 pods_running=49 scheduled=50 total=50 op=15169 commit=15169 attempt=59/1500
waiting scenario=single entity=hm-scale-single-hmtailfix3-20260503011835 ready=49/50 pods_running=49 scheduled=50 total=50 op=15169 commit=15169 attempt=60/1500
waiting scenario=single entity=hm-scale-single-hmtailfix3-20260503011835 ready=49/50 pods_running=49 scheduled=50 total=50 op=15169 commit=15169 attempt=61/1500
waiting scenario=single entity=hm-scale-single-hmtailfix3-20260503011835 ready=49/50 pods_running=49 scheduled=50 total=50 op=15169 commit=15169 attempt=62/1500
waiting scenario=single entity=hm-scale-single-hmtailfix3-20260503011835 ready=49/50 pods_running=49 scheduled=50 total=50 op=15169 commit=15169 attempt=63/1500
waiting scenario=single entity=hm-scale-single-hmtailfix3-20260503011835 ready=49/50 pods_running=49 scheduled=50 total=50 op=15169 commit=15169 attempt=64/1500
waiting scenario=single entity=hm-scale-single-hmtailfix3-20260503011835 ready=49/50 pods_running=49 scheduled=50 total=50 op=15169 commit=15169 attempt=65/1500
waiting scenario=single entity=hm-scale-single-hmtailfix3-20260503011835 ready=49/50 pods_running=49 scheduled=50 total=50 op=15169 commit=15169 attempt=66/1500
waiting scenario=single entity=hm-scale-single-hmtailfix3-20260503011835 ready=49/50 pods_running=49 scheduled=50 total=50 op=15169 commit=15169 attempt=67/1500
waiting scenario=single entity=hm-scale-single-hmtailfix3-20260503011835 ready=49/50 pods_running=49 scheduled=50 total=50 op=15169 commit=15169 attempt=68/1500
waiting scenario=single entity=hm-scale-single-hmtailfix3-20260503011835 ready=49/50 pods_running=49 scheduled=50 total=50 op=15169 commit=15169 attempt=69/1500
waiting scenario=single entity=hm-scale-single-hmtailfix3-20260503011835 ready=49/50 pods_running=49 scheduled=50 total=50 op=15169 commit=15169 attempt=70/1500
waiting scenario=single entity=hm-scale-single-hmtailfix3-20260503011835 ready=49/50 pods_running=49 scheduled=50 total=50 op=15169 commit=15169 attempt=71/1500
waiting scenario=single entity=hm-scale-single-hmtailfix3-20260503011835 ready=49/50 pods_running=49 scheduled=50 total=50 op=15169 commit=15169 attempt=72/1500
waiting scenario=single entity=hm-scale-single-hmtailfix3-20260503011835 ready=49/50 pods_running=49 scheduled=50 total=50 op=15169 commit=15169 attempt=73/1500
ready scenario=single entity=hm-scale-single-hmtailfix3-20260503011835 expected=50 attempt=74 op=15170 commit=15170 pods=50/50/50
ready scenario=single entity=hm-scale-single-hmtailfix3-20260503011835 expected=1 attempt=1 op=15171 commit=15171 pods=1/1/1
single create submit: 360ms
single 0->50 submit: 152ms
single 0->50 ready: 29099ms
single 50->1 submit: 213ms
single 50->1 ready: 469ms

=== Hivemind 50 deployments x 1 replica ===
waiting scenario=multi_50x1 entity=hm-scale-many-hmtailfix3-20260503011835 ready=18/50 pods_running=18 scheduled=46 total=50 op=15520 commit=15519 attempt=1/1500
waiting scenario=multi_50x1 entity=hm-scale-many-hmtailfix3-20260503011835 ready=18/50 pods_running=18 scheduled=46 total=50 op=15528 commit=15527 attempt=2/1500
waiting scenario=multi_50x1 entity=hm-scale-many-hmtailfix3-20260503011835 ready=31/50 pods_running=31 scheduled=50 total=50 op=15566 commit=15566 attempt=3/1500
waiting scenario=multi_50x1 entity=hm-scale-many-hmtailfix3-20260503011835 ready=31/50 pods_running=31 scheduled=50 total=50 op=15566 commit=15566 attempt=4/1500
waiting scenario=multi_50x1 entity=hm-scale-many-hmtailfix3-20260503011835 ready=31/50 pods_running=31 scheduled=50 total=50 op=15566 commit=15566 attempt=5/1500
waiting scenario=multi_50x1 entity=hm-scale-many-hmtailfix3-20260503011835 ready=31/50 pods_running=31 scheduled=50 total=50 op=15566 commit=15566 attempt=6/1500
waiting scenario=multi_50x1 entity=hm-scale-many-hmtailfix3-20260503011835 ready=31/50 pods_running=31 scheduled=50 total=50 op=15566 commit=15566 attempt=7/1500
waiting scenario=multi_50x1 entity=hm-scale-many-hmtailfix3-20260503011835 ready=31/50 pods_running=31 scheduled=50 total=50 op=15566 commit=15566 attempt=8/1500
waiting scenario=multi_50x1 entity=hm-scale-many-hmtailfix3-20260503011835 ready=31/50 pods_running=31 scheduled=50 total=50 op=15573 commit=15572 attempt=9/1500
waiting scenario=multi_50x1 entity=hm-scale-many-hmtailfix3-20260503011835 ready=31/50 pods_running=31 scheduled=50 total=50 op=15587 commit=15586 attempt=10/1500
waiting scenario=multi_50x1 entity=hm-scale-many-hmtailfix3-20260503011835 ready=31/50 pods_running=31 scheduled=50 total=50 op=15597 commit=15596 attempt=11/1500
waiting scenario=multi_50x1 entity=hm-scale-many-hmtailfix3-20260503011835 ready=31/50 pods_running=31 scheduled=50 total=50 op=15605 commit=15604 attempt=12/1500
waiting scenario=multi_50x1 entity=hm-scale-many-hmtailfix3-20260503011835 ready=31/50 pods_running=31 scheduled=50 total=50 op=15614 commit=15613 attempt=13/1500
waiting scenario=multi_50x1 entity=hm-scale-many-hmtailfix3-20260503011835 ready=31/50 pods_running=31 scheduled=50 total=50 op=15622 commit=15621 attempt=14/1500
waiting scenario=multi_50x1 entity=hm-scale-many-hmtailfix3-20260503011835 ready=46/50 pods_running=46 scheduled=50 total=50 op=15642 commit=15642 attempt=15/1500
waiting scenario=multi_50x1 entity=hm-scale-many-hmtailfix3-20260503011835 ready=46/50 pods_running=46 scheduled=50 total=50 op=15642 commit=15642 attempt=16/1500
waiting scenario=multi_50x1 entity=hm-scale-many-hmtailfix3-20260503011835 ready=46/50 pods_running=46 scheduled=50 total=50 op=15642 commit=15642 attempt=17/1500
waiting scenario=multi_50x1 entity=hm-scale-many-hmtailfix3-20260503011835 ready=46/50 pods_running=46 scheduled=50 total=50 op=15642 commit=15642 attempt=18/1500
waiting scenario=multi_50x1 entity=hm-scale-many-hmtailfix3-20260503011835 ready=46/50 pods_running=46 scheduled=50 total=50 op=15642 commit=15642 attempt=19/1500
waiting scenario=multi_50x1 entity=hm-scale-many-hmtailfix3-20260503011835 ready=46/50 pods_running=46 scheduled=50 total=50 op=15642 commit=15642 attempt=20/1500
waiting scenario=multi_50x1 entity=hm-scale-many-hmtailfix3-20260503011835 ready=46/50 pods_running=46 scheduled=50 total=50 op=15642 commit=15642 attempt=21/1500
waiting scenario=multi_50x1 entity=hm-scale-many-hmtailfix3-20260503011835 ready=46/50 pods_running=46 scheduled=50 total=50 op=15642 commit=15642 attempt=22/1500
waiting scenario=multi_50x1 entity=hm-scale-many-hmtailfix3-20260503011835 ready=46/50 pods_running=46 scheduled=50 total=50 op=15642 commit=15642 attempt=23/1500
waiting scenario=multi_50x1 entity=hm-scale-many-hmtailfix3-20260503011835 ready=46/50 pods_running=46 scheduled=50 total=50 op=15642 commit=15642 attempt=24/1500
waiting scenario=multi_50x1 entity=hm-scale-many-hmtailfix3-20260503011835 ready=46/50 pods_running=46 scheduled=50 total=50 op=15642 commit=15642 attempt=25/1500
waiting scenario=multi_50x1 entity=hm-scale-many-hmtailfix3-20260503011835 ready=46/50 pods_running=46 scheduled=50 total=50 op=15642 commit=15642 attempt=26/1500
waiting scenario=multi_50x1 entity=hm-scale-many-hmtailfix3-20260503011835 ready=46/50 pods_running=46 scheduled=50 total=50 op=15642 commit=15642 attempt=27/1500
ready scenario=multi_50x1 entity=hm-scale-many-hmtailfix3-20260503011835 expected=50 attempt=28 op=15646 commit=15646 pods=50/50/50
50x1 submit total: 9722ms
50x1 all ready: 21644ms
curl: (22) The requested URL returned error: 404
# Hivemind scale benchmark matrix

- run_id: hmtailfix3-20260503011835
- image: docker.io/library/nginx:1.27-alpine
- latency_events: latency-events.csv
- consolidated_latency_events: latency-events-consolidated.csv
- latency_events_json: latency-events-consolidated.jsonl
- latency_flamegraph: latency-flamegraph.folded
- latency_summary: latency-summary.md
- latency_deep_dive: latency-deep-dive.md
- latency_firechart: latency-firechart.html

| scenario | metric | value_ms |
|---|---|---:|
| one deployment 0 -> 50 -> 1 | create submit | 360 |
| one deployment 0 -> 50 -> 1 | 0 -> 50 submit | 152 |
| one deployment 0 -> 50 -> 1 | 0 -> 50 ready | 29099 |
| one deployment 0 -> 50 -> 1 | 50 -> 1 submit | 213 |
| one deployment 0 -> 50 -> 1 | 50 -> 1 ready | 469 |
| 50 deployments x 1 replica | submit total | 9722 |
| 50 deployments x 1 replica | all ready | 21644 |
evidence=artifacts/poc-final/06-benchmarks/hivemind-scale-matrix-hmtailfix3-20260503011835
